2025-04-19 15:28:00 | INFO | repo=pv243-2015-security-seminar | action=commit
2025-10-17 07:54:00 | WARN | repo=pv243-2015-security-seminar | action=test | passed=true
2025-06-22 20:28:00 | WARN | repo=pv243-2015-security-seminar | action=commit
2025-09-25 07:32:00 | WARN | repo=pv243-2015-security-seminar | action=test | passed=true
2025-07-17 08:53:00 | DEBUG | repo=pv243-2015-security-seminar | action=commit
2025-07-18 07:36:00 | DEBUG | repo=pv243-2015-security-seminar | action=commit
2025-02-14 19:45:00 | DEBUG | repo=pv243-2015-security-seminar | action=commit
2025-11-08 14:38:00 | DEBUG | repo=pv243-2015-security-seminar | action=pull
2025-09-11 14:54:00 | INFO | repo=pv243-2015-security-seminar | action=edit | files=2
2025-04-07 17:28:00 | DEBUG | repo=pv243-2015-security-seminar | action=commit
2025-03-05 07:07:00 | DEBUG | repo=pv243-2015-security-seminar | action=commit
2025-04-28 13:54:00 | WARN | repo=pv243-2015-security-seminar | action=commit
2025-03-12 11:25:00 | WARN | repo=pv243-2015-security-seminar | action=commit
2025-02-17 15:22:00 | DEBUG | repo=pv243-2015-security-seminar | action=commit
2025-05-08 07:42:00 | INFO | repo=pv243-2015-security-seminar | action=commit
2025-05-21 10:18:00 | WARN | repo=pv243-2015-security-seminar | action=edit | files=3
2025-05-25 14:14:00 | WARN | repo=pv243-2015-security-seminar | action=commit
2025-07-09 09:10:00 | DEBUG | repo=pv243-2015-security-seminar | action=edit | files=3
2025-03-07 08:28:00 | INFO | repo=pv243-2015-security-seminar | action=commit
2025-04-08 13:43:00 | WARN | repo=pv243-2015-security-seminar | action=commit
2025-04-09 21:58:00 | INFO | repo=pv243-2015-security-seminar | action=commit
